// Jest Snapshot v1, https://goo.gl/fbAQLP

exports[`DataTableFilter renders correctly 1`] = `
<div class="datatable__filter"><input type="text" placeholder="Filter records" class="datatable__input">
  <div class="datatable__clear"><a href="#" class="datatable__x">Ã—</a></div>
</div>
`;
